Usage: LIFERAY_RELEASE_RC_BUILD_TIMESTAMP=<timestamp> LIFERAY_RELEASE_VERSION=<version> ./test_release_gold.sh

The script reads the following environment variables:

    LIFERAY_RELEASE_GCS_TOKEN (optional): *.json file containing the token to authenticate with Google Cloud Storage
    LIFERAY_RELEASE_GITHUB_PAT (optional): GitHub personal access token used to tag releases
    LIFERAY_RELEASE_NEXUS_REPOSITORY_PASSWORD (optional): Nexus user's password
    LIFERAY_RELEASE_NEXUS_REPOSITORY_USER (optional): Nexus user with the right to upload BOM files
    LIFERAY_RELEASE_PATCHER_PORTAL_EMAIL_ADDRESS: Email address to the release team's Liferay Patcher user
    LIFERAY_RELEASE_PATCHER_PORTAL_PASSWORD: Password to the release team's Liferay Patcher user
    LIFERAY_RELEASE_PREPARE_NEXT_RELEASE_BRANCH: Set to "yes" to proceed with branch preparation to next release. Set to "no" to skip this step.
    LIFERAY_RELEASE_PRODUCT_NAME (optional): Set to "portal" for CE. The default is "DXP".
    LIFERAY_RELEASE_RC_BUILD_TIMESTAMP: Timestamp of the build to publish
    LIFERAY_RELEASE_REPOSITORY_OWNER (optional): Set to "EnterpriseReleaseHU" for development. The default is "liferay".
    LIFERAY_RELEASE_VERSION: DXP or portal version of the release to publish

Example: LIFERAY_RELEASE_PREPARE_NEXT_RELEASE_BRANCH=yes LIFERAY_RELEASE_RC_BUILD_TIMESTAMP=1695892964 LIFERAY_RELEASE_VERSION=2023.q3.0 ./test_release_gold.sh
