Usage: LIFERAY_IMAGE_NAMES=<image name> ./scan_docker_images.sh

The script reads the following environment variables:

    LIFERAY_IMAGE_NAMES: Comma-separated list of DXP or Portal Docker images
    LIFERAY_PRISMA_ACCESS_KEY: An access key configured in the job environment variables
    LIFERAY_PRISMA_SECRET: A secret configured in the job environment variables

Example: LIFERAY_IMAGE_NAMES=liferay/dxp:2025.q1.5-lts,liferay/dxp:2024.q2.2 ./scan_docker_images.sh