7.4.3.120:
    7.4.3.120-ga120:
        bundle_url: releases-cdn.liferay.com/portal/7.4.3.120-ga120/liferay-portal-tomcat-7.4.3.120-ga120-1718225443.7z
7.4.3.125:
    7.4.3.125-ga125:
        bundle_url: releases-cdn.liferay.com/portal/7.4.3.125-ga125/liferay-portal-tomcat-7.4.3.125-ga125-1726242956.7z
        latest: true
7.4.13:
    7.4.13-u129:
    7.4.13-u130:
    7.4.13.nightly:
        bundle_url: releases-cdn.liferay.com/dxp/nightly/liferay-dxp-tomcat-7.4.13.nightly.7z
quarterly:
    2024.q3.0:
    2024.q3.1:
        latest: true